Parsed test spec with 2 sessions

starting permutation: s1_begin s1_select s2_select s1_update s1_select s2_select s1_commit s1_select s2_select
step s1_begin: begin;
step s1_select: select i,j from tbl_xx order by i;
i              j              

1              3              
3              1              
5              2              
step s2_select: select i,j from tbl_xx order by i;
i              j              

1              3              
3              1              
5              2              
step s1_update: update tbl_xx set j = j+1;
step s1_select: select i,j from tbl_xx order by i;
i              j              

1              4              
3              2              
5              3              
step s2_select: select i,j from tbl_xx order by i;
i              j              

1              3              
3              1              
5              2              
step s1_commit: commit;
step s1_select: select i,j from tbl_xx order by i;
i              j              

1              4              
3              2              
5              3              
step s2_select: select i,j from tbl_xx order by i;
i              j              

1              4              
3              2              
5              3              
