Parsed test spec with 3 sessions

starting permutation: s1_begin s1_select s1_update s1_select s2_begin s2_update s3_begin s3_update s1_commit s1_select s2_commit s1_select s3_commit s1_select
step s1_begin: begin;
step s1_select: select i,j from tbl_xx order by i;
i              j              

1              3              
3              1              
5              2              
step s1_update: update tbl_xx set j = 11 where i = 3;
step s1_select: select i,j from tbl_xx order by i;
i              j              

1              3              
3              11             
5              2              
step s2_begin: begin;
step s2_update: update tbl_xx set j = j+111 where i = 3; <waiting ...>
step s3_begin: begin;
step s3_update: update tbl_xx set j = j+1111 where i = 3; <waiting ...>
step s1_commit: commit;
step s2_update: <... completed>
step s1_select: select i,j from tbl_xx order by i;
i              j              

1              3              
3              11             
5              2              
step s2_commit: commit;
step s3_update: <... completed>
step s1_select: select i,j from tbl_xx order by i;
i              j              

1              3              
3              122            
5              2              
step s3_commit: commit;
step s1_select: select i,j from tbl_xx order by i;
i              j              

1              3              
3              1233           
5              2              
