Parsed test spec with 2 sessions

starting permutation: rw1 rw2 c1 c2
step rw1: SELECT insert_unique(1, '1');
insert_unique  

               
step rw2: SELECT insert_unique(1, '2'); <waiting ...>
step c1: COMMIT;
step rw2: <... completed>
error in steps c1 rw2: ERROR:  duplicate key value violates unique constraint "test_key_key"
step c2: COMMIT;
