Parsed test spec with 3 sessions

starting permutation: s2_begin s2_delete s2_select s1_begin s1_set_rr s1_show_iso s1_select s1_update s2_abort s1_select s1_commit s1_select
step s2_begin: begin;
step s2_delete: delete from tbl_xx where j = 1 ;
step s2_select: select i,j from tbl_xx order by i;
i              j              

1              3              
5              2              
step s1_begin: begin;
step s1_set_rr: set transaction_isolation = 'repeatable read';
step s1_show_iso: show transaction_isolation;
transaction_isolation

repeatable read
step s1_select: select i,j from tbl_xx order by i;
i              j              

1              3              
3              1              
5              2              
step s1_update: update tbl_xx set j = j+ 1 ; <waiting ...>
step s2_abort: abort;
step s1_update: <... completed>
step s1_select: select i,j from tbl_xx order by i;
i              j              

1              4              
3              2              
5              3              
step s1_commit: commit;
step s1_select: select i,j from tbl_xx order by i;
i              j              

1              4              
3              2              
5              3              
