Parsed test spec with 3 sessions

starting permutation: s2_begin s2_delete s2_select s1_begin s1_set_rr s1_show_iso s1_select s1_update s2_commit s1_abort s1_select
step s2_begin: begin;
step s2_delete: delete from tbl_xx ;
step s2_select: select i,j from tbl_xx order by i;
i              j              

step s1_begin: begin;
step s1_set_rr: set transaction_isolation = 'repeatable read';
step s1_show_iso: show transaction_isolation;
transaction_isolation

repeatable read
step s1_select: select i,j from tbl_xx order by i;
i              j              

1              3              
3              1              
5              2              
step s1_update: update tbl_xx set j = j + 1 where i >= 1 ; <waiting ...>
step s2_commit: commit;
step s1_update: <... completed>
error in steps s2_commit s1_update: ERROR:  could not serialize access due to concurrent update
step s1_abort: abort;
step s1_select: select i,j from tbl_xx order by i;
i              j              

