-- 1 day interval --
create table t_day_1(c1 int, c2 timestamp without time zone, c3 int)
partition by range(c2) begin(timestamp without time zone '2015-09-01') step(interval '1 day') partitions(23)
distribute by shard(c1);
NOTICE:  Replica identity is needed for shard table, please add to this table through "alter table" command.
create index t_day_1_c1 on t_day_1(c1);
create index t_day_1_c2 on t_day_1(c2);
insert into t_day_1 values(1, timestamp without time zone '2015-09-01 13:11:00', 1);
insert into t_day_1 select generate_series(2,3), timestamp without time zone '2015-09-02 13:11:00', 1;
insert into t_day_1 select generate_series(4,7), timestamp without time zone '2015-09-03 13:11:00', 1;
insert into t_day_1 select generate_series(8,15), timestamp without time zone '2015-09-04 13:11:00', 1;
insert into t_day_1 select generate_series(16,31), timestamp without time zone '2015-09-05 13:11:00', 1;
insert into t_day_1 select generate_series(32,63), timestamp without time zone '2015-09-06 13:11:00', 1;
insert into t_day_1 select generate_series(64,127), timestamp without time zone '2015-09-07 13:11:00', 1;
insert into t_day_1 select generate_series(128,255), timestamp without time zone '2015-09-08 13:11:00', 1;
insert into t_day_1 select generate_series(256,511), timestamp without time zone '2015-09-09 13:11:00', 1;
insert into t_day_1 select generate_series(512,1023), timestamp without time zone '2015-09-10 13:11:00', 1;
insert into t_day_1 select generate_series(1024,2047), timestamp without time zone '2015-09-11 13:11:00', 1;
insert into t_day_1 select generate_series(2048,4095), timestamp without time zone '2015-09-12 13:11:00', 1;
insert into t_day_1 select generate_series(4096,8191), timestamp without time zone '2015-09-13 13:11:00', 1;
insert into t_day_1 select generate_series(8192,16383), timestamp without time zone '2015-09-14 13:11:00', 1;
--create index when table is not empty--
create index t_day_1_c3_c2 on t_day_1(c3,c2);
--not-partition key --
select c1,c2 from t_day_1 where c2 < timestamp without time zone '2015-09-04' order by c1;
 c1 |            c2            
----+--------------------------
  1 | Tue Sep 01 13:11:00 2015
  2 | Wed Sep 02 13:11:00 2015
  3 | Wed Sep 02 13:11:00 2015
  4 | Thu Sep 03 13:11:00 2015
  5 | Thu Sep 03 13:11:00 2015
  6 | Thu Sep 03 13:11:00 2015
  7 | Thu Sep 03 13:11:00 2015
(7 rows)

select c1,c2 from t_day_1 where c2 < timestamp without time zone '2015-09-04' order by c1 limit 5;
 c1 |            c2            
----+--------------------------
  1 | Tue Sep 01 13:11:00 2015
  2 | Wed Sep 02 13:11:00 2015
  3 | Wed Sep 02 13:11:00 2015
  4 | Thu Sep 03 13:11:00 2015
  5 | Thu Sep 03 13:11:00 2015
(5 rows)

select shardid,c2 from t_day_1 where c2 < timestamp without time zone '2015-09-04' order by c1 limit 5;
 shardid |            c2            
---------+--------------------------
    2234 | Tue Sep 01 13:11:00 2015
    3318 | Wed Sep 02 13:11:00 2015
     105 | Wed Sep 02 13:11:00 2015
     213 | Thu Sep 03 13:11:00 2015
    2692 | Thu Sep 03 13:11:00 2015
(5 rows)

select shardid,c1+c3 from t_day_1 where c2 < timestamp without time zone '2015-09-04' order by c1 limit 5;
 shardid | ?column? 
---------+----------
    2234 |        2
    3318 |        3
     105 |        4
     213 |        5
    2692 |        6
(5 rows)

--partition key --
select c1,c2 from t_day_1 where c2 < timestamp without time zone '2015-09-04' order by c2;
 c1 |            c2            
----+--------------------------
  1 | Tue Sep 01 13:11:00 2015
  2 | Wed Sep 02 13:11:00 2015
  3 | Wed Sep 02 13:11:00 2015
  4 | Thu Sep 03 13:11:00 2015
  7 | Thu Sep 03 13:11:00 2015
  5 | Thu Sep 03 13:11:00 2015
  6 | Thu Sep 03 13:11:00 2015
(7 rows)

select c1,c2 from t_day_1 where c2 < timestamp without time zone '2015-09-04' order by c2 limit 5;
 c1 |            c2            
----+--------------------------
  1 | Tue Sep 01 13:11:00 2015
  2 | Wed Sep 02 13:11:00 2015
  3 | Wed Sep 02 13:11:00 2015
  4 | Thu Sep 03 13:11:00 2015
  7 | Thu Sep 03 13:11:00 2015
(5 rows)

select c1,c2 from t_day_1 where c2 < timestamp without time zone '2015-09-04' order by c2 desc limit 5;
 c1 |            c2            
----+--------------------------
  5 | Thu Sep 03 13:11:00 2015
  6 | Thu Sep 03 13:11:00 2015
  4 | Thu Sep 03 13:11:00 2015
  7 | Thu Sep 03 13:11:00 2015
  3 | Wed Sep 02 13:11:00 2015
(5 rows)

select shardid,c2 from t_day_1 where c2 < timestamp without time zone '2015-09-04' order by c2 limit 5;
 shardid |            c2            
---------+--------------------------
    2234 | Tue Sep 01 13:11:00 2015
    3318 | Wed Sep 02 13:11:00 2015
     105 | Wed Sep 02 13:11:00 2015
     213 | Thu Sep 03 13:11:00 2015
    1025 | Thu Sep 03 13:11:00 2015
(5 rows)

select shardid,c1+c3 from t_day_1 where c2 < timestamp without time zone '2015-09-04' order by c2 limit 5;
 shardid | ?column? 
---------+----------
    2234 |        2
    3318 |        3
     105 |        4
     213 |        5
    1025 |        8
(5 rows)

select shardid,c1+c3 from t_day_1 where c2 < timestamp without time zone '2015-09-04' order by c3,c2 limit 5;
 shardid | ?column? 
---------+----------
    2234 |        2
    3318 |        3
     105 |        4
     213 |        5
    1025 |        8
(5 rows)

select shardid,c1 from t_day_1 where c2 < timestamp without time zone '2015-09-04' and mod(c1,2) = 1 order by c1 limit 5;
 shardid | c1 
---------+----
    2234 |  1
     105 |  3
    2692 |  5
    1025 |  7
(4 rows)

drop index t_day_1_c3_c2;
drop table t_day_1;
-- 1 week interval--
create table t_day_7(c1 int, c2 timestamp without time zone, c3 int)
partition by range(c2) begin(timestamp without time zone '2015-09-01') step(interval '7 day') partitions(10)
distribute by shard(c1);
NOTICE:  Replica identity is needed for shard table, please add to this table through "alter table" command.
create index t_day_7_c1 on t_day_7(c1);
create index t_day_7_c2 on t_day_7(c2);
insert into t_day_7 values(1, timestamp without time zone '2015-09-01 13:11:00', 1);
insert into t_day_7 select generate_series(2,3), timestamp without time zone '2015-09-08 13:11:00', 1;
insert into t_day_7 select generate_series(4,7), timestamp without time zone '2015-09-15 13:11:00', 1;
insert into t_day_7 select generate_series(8,15), timestamp without time zone '2015-09-22 13:11:00', 1;
insert into t_day_7 select generate_series(16,31), timestamp without time zone '2015-09-29 13:11:00', 1;
insert into t_day_7 select generate_series(32,63), timestamp without time zone '2015-10-06 13:11:00', 1;
insert into t_day_7 select generate_series(64,127), timestamp without time zone '2015-10-13 13:11:00', 1;
insert into t_day_7 select generate_series(128,255), timestamp without time zone '2015-10-20 13:11:00', 1;
insert into t_day_7 select generate_series(256,511), timestamp without time zone '2015-10-27 13:11:00', 1;
insert into t_day_7 select generate_series(512,1023), timestamp without time zone '2015-11-03 13:11:00', 1;
--create index when table is not empty--
create index t_day_7_c3_c2 on t_day_7(c3,c2);
--not-partition key --
 
select c1,c2 from t_day_7 where c2 < timestamp without time zone '2015-09-20' order by c1;
 c1 |            c2            
----+--------------------------
  1 | Tue Sep 01 13:11:00 2015
  2 | Tue Sep 08 13:11:00 2015
  3 | Tue Sep 08 13:11:00 2015
  4 | Tue Sep 15 13:11:00 2015
  5 | Tue Sep 15 13:11:00 2015
  6 | Tue Sep 15 13:11:00 2015
  7 | Tue Sep 15 13:11:00 2015
(7 rows)

 
select c1,c2 from t_day_7 where c2 < timestamp without time zone '2015-09-20' order by c1 limit 5;
 c1 |            c2            
----+--------------------------
  1 | Tue Sep 01 13:11:00 2015
  2 | Tue Sep 08 13:11:00 2015
  3 | Tue Sep 08 13:11:00 2015
  4 | Tue Sep 15 13:11:00 2015
  5 | Tue Sep 15 13:11:00 2015
(5 rows)

select shardid,c2 from t_day_7 where c2 < timestamp without time zone '2015-09-20' order by c1 limit 5;
 shardid |            c2            
---------+--------------------------
    2234 | Tue Sep 01 13:11:00 2015
    3318 | Tue Sep 08 13:11:00 2015
     105 | Tue Sep 08 13:11:00 2015
     213 | Tue Sep 15 13:11:00 2015
    2692 | Tue Sep 15 13:11:00 2015
(5 rows)

select shardid,c1+c3 from t_day_7 where c2 < timestamp without time zone '2015-09-20' order by c1 limit 5;
 shardid | ?column? 
---------+----------
    2234 |        2
    3318 |        3
     105 |        4
     213 |        5
    2692 |        6
(5 rows)

--partition key --
select c1,c2 from t_day_7 where c2 < timestamp without time zone '2015-09-20' order by c2;
 c1 |            c2            
----+--------------------------
  1 | Tue Sep 01 13:11:00 2015
  2 | Tue Sep 08 13:11:00 2015
  3 | Tue Sep 08 13:11:00 2015
  4 | Tue Sep 15 13:11:00 2015
  7 | Tue Sep 15 13:11:00 2015
  5 | Tue Sep 15 13:11:00 2015
  6 | Tue Sep 15 13:11:00 2015
(7 rows)

select c1,c2 from t_day_7 where c2 < timestamp without time zone '2015-09-20' order by c2 limit 5;
 c1 |            c2            
----+--------------------------
  1 | Tue Sep 01 13:11:00 2015
  2 | Tue Sep 08 13:11:00 2015
  3 | Tue Sep 08 13:11:00 2015
  4 | Tue Sep 15 13:11:00 2015
  7 | Tue Sep 15 13:11:00 2015
(5 rows)

select c1,c2 from t_day_7 where c2 < timestamp without time zone '2015-09-20' order by c2 desc limit 5;
 c1 |            c2            
----+--------------------------
  5 | Tue Sep 15 13:11:00 2015
  6 | Tue Sep 15 13:11:00 2015
  4 | Tue Sep 15 13:11:00 2015
  7 | Tue Sep 15 13:11:00 2015
  3 | Tue Sep 08 13:11:00 2015
(5 rows)

select shardid,c2 from t_day_7 where c2 < timestamp without time zone '2015-09-20' order by c2 limit 5;
 shardid |            c2            
---------+--------------------------
    2234 | Tue Sep 01 13:11:00 2015
    3318 | Tue Sep 08 13:11:00 2015
     105 | Tue Sep 08 13:11:00 2015
     213 | Tue Sep 15 13:11:00 2015
    1025 | Tue Sep 15 13:11:00 2015
(5 rows)

select shardid,c1+c3 from t_day_7 where c2 < timestamp without time zone '2015-09-20' order by c2 limit 5;
 shardid | ?column? 
---------+----------
    2234 |        2
    3318 |        3
     105 |        4
     213 |        5
    1025 |        8
(5 rows)

select shardid,c1+c3 from t_day_7 where c2 < timestamp without time zone '2015-09-20' order by c3,c2 limit 5;
 shardid | ?column? 
---------+----------
    2234 |        2
    3318 |        3
     105 |        4
     213 |        5
    1025 |        8
(5 rows)

select shardid,c1 from t_day_7 where c2 < timestamp without time zone '2015-09-20' and mod(c1,2) = 1 order by c1 desc limit 5;
 shardid | c1 
---------+----
    1025 |  7
    2692 |  5
     105 |  3
    2234 |  1
(4 rows)

drop index t_day_7_c3_c2;
drop table t_day_7;
-- 3 month interval --
create table t_month_3(c1 int, c2 timestamp without time zone, c3 int)
partition by range(c2) begin(timestamp without time zone '2015-01-01') step(interval '3 month') partitions(8)
distribute by shard(c1);
NOTICE:  Replica identity is needed for shard table, please add to this table through "alter table" command.
create index t_month_3_c1 on t_month_3(c1);
create index t_month_3_c2 on t_month_3(c2);
insert into t_month_3 values(1, timestamp without time zone '2015-01-01 13:11:00', 1);
insert into t_month_3 select generate_series(2,3), timestamp without time zone '2015-04-01 13:11:00', 1;
insert into t_month_3 select generate_series(4,7), timestamp without time zone '2015-07-01 13:11:00', 1;
insert into t_month_3 select generate_series(8,15), timestamp without time zone '2015-10-01 13:11:00', 1;
insert into t_month_3 select generate_series(16,31), timestamp without time zone '2016-01-01 13:11:00', 1;
insert into t_month_3 select generate_series(32,63), timestamp without time zone '2016-04-01 13:11:00', 1;
insert into t_month_3 select generate_series(64,127), timestamp without time zone '2016-07-01 13:11:00', 1;
insert into t_month_3 select generate_series(128,255), timestamp without time zone '2016-10-01 13:11:00', 1;
--create index when table is not empty--
create index t_month_3_c3_c2 on t_month_3(c3,c2);
--not-partition key --
 
select c1,c2 from t_month_3 where c2 < timestamp without time zone '2016-02-01' order by c1;
 c1 |            c2            
----+--------------------------
  1 | Thu Jan 01 13:11:00 2015
  2 | Wed Apr 01 13:11:00 2015
  3 | Wed Apr 01 13:11:00 2015
  4 | Wed Jul 01 13:11:00 2015
  5 | Wed Jul 01 13:11:00 2015
  6 | Wed Jul 01 13:11:00 2015
  7 | Wed Jul 01 13:11:00 2015
  8 | Thu Oct 01 13:11:00 2015
  9 | Thu Oct 01 13:11:00 2015
 10 | Thu Oct 01 13:11:00 2015
 11 | Thu Oct 01 13:11:00 2015
 12 | Thu Oct 01 13:11:00 2015
 13 | Thu Oct 01 13:11:00 2015
 14 | Thu Oct 01 13:11:00 2015
 15 | Thu Oct 01 13:11:00 2015
 16 | Fri Jan 01 13:11:00 2016
 17 | Fri Jan 01 13:11:00 2016
 18 | Fri Jan 01 13:11:00 2016
 19 | Fri Jan 01 13:11:00 2016
 20 | Fri Jan 01 13:11:00 2016
 21 | Fri Jan 01 13:11:00 2016
 22 | Fri Jan 01 13:11:00 2016
 23 | Fri Jan 01 13:11:00 2016
 24 | Fri Jan 01 13:11:00 2016
 25 | Fri Jan 01 13:11:00 2016
 26 | Fri Jan 01 13:11:00 2016
 27 | Fri Jan 01 13:11:00 2016
 28 | Fri Jan 01 13:11:00 2016
 29 | Fri Jan 01 13:11:00 2016
 30 | Fri Jan 01 13:11:00 2016
 31 | Fri Jan 01 13:11:00 2016
(31 rows)

 
select c1,c2 from t_month_3 where c2 < timestamp without time zone '2016-02-01' order by c1 limit 5;
 c1 |            c2            
----+--------------------------
  1 | Thu Jan 01 13:11:00 2015
  2 | Wed Apr 01 13:11:00 2015
  3 | Wed Apr 01 13:11:00 2015
  4 | Wed Jul 01 13:11:00 2015
  5 | Wed Jul 01 13:11:00 2015
(5 rows)

select shardid,c2 from t_month_3 where c2 < timestamp without time zone '2016-02-01' order by c1 limit 5;
 shardid |            c2            
---------+--------------------------
    2234 | Thu Jan 01 13:11:00 2015
    3318 | Wed Apr 01 13:11:00 2015
     105 | Wed Apr 01 13:11:00 2015
     213 | Wed Jul 01 13:11:00 2015
    2692 | Wed Jul 01 13:11:00 2015
(5 rows)

select shardid,c1+c3 from t_month_3 where c2 < timestamp without time zone '2016-02-01' order by c1 limit 5;
 shardid | ?column? 
---------+----------
    2234 |        2
    3318 |        3
     105 |        4
     213 |        5
    2692 |        6
(5 rows)

--partition key --
select c1,c2 from t_month_3 where c2 < timestamp without time zone '2015-10-01' order by c1;
 c1 |            c2            
----+--------------------------
  1 | Thu Jan 01 13:11:00 2015
  2 | Wed Apr 01 13:11:00 2015
  3 | Wed Apr 01 13:11:00 2015
  4 | Wed Jul 01 13:11:00 2015
  5 | Wed Jul 01 13:11:00 2015
  6 | Wed Jul 01 13:11:00 2015
  7 | Wed Jul 01 13:11:00 2015
(7 rows)

select c1,c2 from t_month_3 where c2 < timestamp without time zone '2016-02-01' order by c2 limit 5;
 c1 |            c2            
----+--------------------------
  1 | Thu Jan 01 13:11:00 2015
  2 | Wed Apr 01 13:11:00 2015
  3 | Wed Apr 01 13:11:00 2015
  7 | Wed Jul 01 13:11:00 2015
  4 | Wed Jul 01 13:11:00 2015
(5 rows)

select c1,c2 from t_month_3 where c2 < timestamp without time zone '2016-02-01' order by c2 desc limit 5;
 c1 |            c2            
----+--------------------------
 21 | Fri Jan 01 13:11:00 2016
 23 | Fri Jan 01 13:11:00 2016
 17 | Fri Jan 01 13:11:00 2016
 19 | Fri Jan 01 13:11:00 2016
 26 | Fri Jan 01 13:11:00 2016
(5 rows)

select shardid,c2 from t_month_3 where c2 < timestamp without time zone '2016-02-01' order by c2 limit 5;
 shardid |            c2            
---------+--------------------------
    2234 | Thu Jan 01 13:11:00 2015
    3318 | Wed Apr 01 13:11:00 2015
     105 | Wed Apr 01 13:11:00 2015
    1025 | Wed Jul 01 13:11:00 2015
     213 | Wed Jul 01 13:11:00 2015
(5 rows)

select shardid,c1+c3 from t_month_3 where c2 < timestamp without time zone '2016-02-01' order by c2 limit 5;
 shardid | ?column? 
---------+----------
    2234 |        2
    3318 |        3
     105 |        4
    1025 |        8
     213 |        5
(5 rows)

select shardid,c1+c3 from t_month_3 where c2 < timestamp without time zone '2016-02-01' order by c3,c2 limit 5;
 shardid | ?column? 
---------+----------
    2234 |        2
    3318 |        3
     105 |        4
    1025 |        8
     213 |        5
(5 rows)

select shardid,c1 from t_month_3 where c2 < timestamp without time zone '2016-02-01' and mod(c1,2) = 1 order by c1 desc limit 5;
 shardid | c1 
---------+----
    2887 | 31
    2805 | 29
    1123 | 27
    4029 | 25
    2872 | 23
(5 rows)

drop index t_month_3_c3_c2;
drop table t_month_3;
--add partition & drop partiton--
create table t_drop(f1 int not null,f2 timestamp not null,f3 varchar(10),primary key(f1)) partition by range (f2) begin (timestamp without time zone '2019-01-01 0:0:0') step (interval '1 month') partitions (2) distribute by shard(f1) to group default_group;
NOTICE:  Replica identity is needed for shard table, please add to this table through "alter table" command.
ALTER TABLE t_drop ADD PARTITIONS 2; 
insert into t_drop select generate_series(1,10), timestamp without time zone '2019-01-31 23:23:59', 'aaa';
insert into t_drop select generate_series(11,30), timestamp without time zone '2019-02-01 10:23:59', 'aaa';
insert into t_drop select generate_series(31,50), timestamp without time zone '2019-03-31 23:23:59', 'aaa';
insert into t_drop select generate_series(51,100), timestamp without time zone '2019-04-01 00:00:00', 'aaa';
drop table t_drop_part_0;
drop table t_drop_part_1;
drop table t_drop_part_3;
create index t_drop_f3 on t_drop(f3);
create index t_drop_f2 on t_drop(f2);
insert into t_drop select generate_series(101,150), timestamp without time zone '2019-03-01 00:00:00', 'bbb';
select count(1) from t_drop where f2 >= timestamp without time zone '2019-02-01 00:00:00';
 count 
-------
    70
(1 row)

select count(1) from t_drop where f3 = 'aaa';
 count 
-------
    20
(1 row)

select * from t_drop where f3 = 'aaa' order by f1 limit 5;
 f1 |            f2            | f3  
----+--------------------------+-----
 31 | Sun Mar 31 23:23:59 2019 | aaa
 32 | Sun Mar 31 23:23:59 2019 | aaa
 33 | Sun Mar 31 23:23:59 2019 | aaa
 34 | Sun Mar 31 23:23:59 2019 | aaa
 35 | Sun Mar 31 23:23:59 2019 | aaa
(5 rows)

ALTER TABLE t_drop ADD PARTITIONS 1; 
insert into t_drop select generate_series(201,250), timestamp without time zone '2019-05-01 00:00:00', 'ccc';
select * from t_drop where f3 = 'ccc' order by f1 limit 5;
 f1  |            f2            | f3  
-----+--------------------------+-----
 201 | Wed May 01 00:00:00 2019 | ccc
 202 | Wed May 01 00:00:00 2019 | ccc
 203 | Wed May 01 00:00:00 2019 | ccc
 204 | Wed May 01 00:00:00 2019 | ccc
 205 | Wed May 01 00:00:00 2019 | ccc
(5 rows)

drop index t_drop_f2;
drop index t_drop_f3;
select count(1) from t_drop where f2 >= timestamp without time zone '2019-02-01 00:00:00';
 count 
-------
   120
(1 row)

select count(1) from t_drop where f3 = 'ccc';
 count 
-------
    50
(1 row)

drop table t_drop;
--int add partition & drop partiton--
create table int_drop(f1 bigint,f2 timestamp default now(), f3 integer) partition by range (f3) begin (1) step (50) partitions (2) distribute by shard(f1) to group default_group;
NOTICE:  Replica identity is needed for shard table, please add to this table through "alter table" command.
ALTER TABLE int_drop ADD PARTITIONS 2; 
insert into int_drop select generate_series(1,10), null, 10;
insert into int_drop select generate_series(51,70), null, 80;
insert into int_drop select generate_series(101,120), null, 130;
insert into int_drop select generate_series(151,200), null, 190;
drop table int_drop_part_0;
drop table int_drop_part_1;
drop table int_drop_part_3;
create index int_drop_f3 on int_drop(f3);
create index int_drop_f2 on int_drop(f2);
insert into int_drop select generate_series(121,150), timestamp without time zone '2019-03-01 00:00:00', 145;
select count(1) from int_drop where f2 >= timestamp without time zone '2019-02-01 00:00:00';
 count 
-------
    30
(1 row)

select count(1) from int_drop where f3 = 145;
 count 
-------
    30
(1 row)

select * from int_drop where f3 = 145 order by f1 limit 5;
 f1  |            f2            | f3  
-----+--------------------------+-----
 121 | Fri Mar 01 00:00:00 2019 | 145
 122 | Fri Mar 01 00:00:00 2019 | 145
 123 | Fri Mar 01 00:00:00 2019 | 145
 124 | Fri Mar 01 00:00:00 2019 | 145
 125 | Fri Mar 01 00:00:00 2019 | 145
(5 rows)

ALTER TABLE int_drop ADD PARTITIONS 1; 
insert into int_drop select generate_series(201,250), timestamp without time zone '2019-05-01 00:00:00', 234;
select * from int_drop where f3 = 234 order by f1 limit 6;
 f1  |            f2            | f3  
-----+--------------------------+-----
 201 | Wed May 01 00:00:00 2019 | 234
 202 | Wed May 01 00:00:00 2019 | 234
 203 | Wed May 01 00:00:00 2019 | 234
 204 | Wed May 01 00:00:00 2019 | 234
 205 | Wed May 01 00:00:00 2019 | 234
 206 | Wed May 01 00:00:00 2019 | 234
(6 rows)

drop index int_drop_f2;
drop index int_drop_f3;
select count(1) from int_drop where f2 >= timestamp without time zone '2019-02-01 00:00:00';
 count 
-------
    80
(1 row)

select count(1) from int_drop where f3 = 234;
 count 
-------
    50
(1 row)

drop table int_drop;
